6.Create a local git repository with Java project

C:\Users\Admin\OneDrive\Desktop\YugaPuranik_080_sdm>git init
Initialized empty Git repository in C:/Users/Admin/OneDrive/Desktop/YugaPuranik_080_sdm/.git/

C:\Users\Admin\OneDrive\Desktop\YugaPuranik_080_sdm>

7.Commit the initial code

C:\Users\Admin\OneDrive\Desktop\YugaPuranik_080_sdm>git status
On branch master

No commits yet

Untracked files:
  (use "git add <file>..." to include in what will be committed)
        Commands.txt
        Java_Project/

nothing added to commit but untracked files present (use "git add" to track)
C:\Users\Admin\OneDrive\Desktop\YugaPuranik_080_sdm>git add .
warning: LF will be replaced by CRLF in Java_Project/.gitignore.
The file will have its original line endings in your working directory

C:\Users\Admin\OneDrive\Desktop\YugaPuranik_080_sdm>git commit -m "java project created"
[master (root-commit) 1389002] java project created
 11 files changed, 89 insertions(+)
 create mode 100644 Commands.txt
 create mode 100644 Java_Project/.gitignore
 create mode 100644 Java_Project/EmployeeMgm/.classpath
 create mode 100644 Java_Project/EmployeeMgm/.project
 create mode 100644 Java_Project/EmployeeMgm/.settings/org.eclipse.jdt.core.prefs
 create mode 100644 Java_Project/EmployeeMgm/bin/module-info.class
 create mode 100644 Java_Project/EmployeeMgm/src/module-info.java
 create mode 100644 Java_Project/Operations/.classpath
 create mode 100644 Java_Project/Operations/.project
 create mode 100644 Java_Project/Operations/.settings/org.eclipse.jdt.core.prefs
 create mode 100644 git


8.Update the code
9.Use git commands to
o Get the updated files

C:\Users\Admin\OneDrive\Desktop\YugaPuranik_080_sdm>git log
commit 672a356c3f8ae5d1ec5c8a9935721199895dab75 (HEAD -> master)
Author: yuga9880 <yugapuranik17@gmail.com>
Date:   Sat Mar 12 14:39:55 2022 +0530

    updated

commit 1389002877fe327534efcd1cf506c48bb516f1b6
Author: yuga9880 <yugapuranik17@gmail.com>
Date:   Sat Mar 12 14:27:44 2022 +0530

    java project created

o List the changes

C:\Users\Admin\OneDrive\Desktop\YugaPuranik_080_sdm>git diff
diff --git a/Commands.txt b/Commands.txt
index 4ce882a..364710f 100644
--- a/Commands.txt
+++ b/Commands.txt
@@ -38,7 +38,10 @@ C:\Users\Admin\OneDrive\Desktop\YugaPuranik_080_sdm>git commit -m "java project
  create mode 100644 git

o Create a branch
C:\Users\Admin\OneDrive\Desktop\YugaPuranik_080_sdm>git branch b1

o Merge branch
C:\Users\Admin\OneDrive\Desktop\YugaPuranik_080_sdm>git merge b1

10.Create a repository on GitHub

C:\Users\Admin\OneDrive\Desktop\YugaPuranik_080_sdm>git remote add origin https://github.com/yugapuranik/SDMExam.git

11.Push the local changes to GitHub
C:\Users\Admin\OneDrive\Desktop\YugaPuranik_080_sdm>git push -u origin main
Enumerating objects: 32, done.
Counting objects: 100% (32/32), done.
Delta compression using up to 8 threads
Compressing objects: 100% (27/27), done.
Writing objects: 100% (32/32), 4.09 KiB | 55.00 KiB/s, done.
Total 32 (delta 7), reused 0 (delta 0), pack-reused 0
remote: Resolving deltas: 100% (7/7), done.
To https://github.com/yugapuranik/SDMExam.git
 * [new branch]      main -> main
Branch 'main' set up to track remote branch 'main' from 'origin'.

12.Pull the code from GitHub
C:\Users\Admin\OneDrive\Desktop\YugaPuranik_080_sdm>git pull https://github.com/yugapuranik/SDMExam.git
From https://github.com/yugapuranik/SDMExam
 * branch            HEAD       -> FETCH_HEAD
Already up to date.

13.Create and check out a branch
C:\Users\Admin\OneDrive\Desktop\YugaPuranik_080_sdm>git checkout -b b2
Switched to a new branch 'b2'

14.Add a new feature, commit and push changes to GitHub